<test-fixture id="fooBarBasicTestFixture">
  <template>
    <foo-bar></foo-bar>
  </template>
</test-fixture>

<test-fixture id="fooBarChangedPropertyTestFixture">
  <template>
    <foo-bar prop1="new-prop1"></foo-bar>
  </template>
</test-fixture>
